[{"has_loop": false, "EAX": "0x4", "satisfiability": true, "constraints": {"zf": "0x1"}}, {"has_loop": false, "EAX": "0x3", "satisfiability": true, "constraints": {"zf": "0x0"}}]
