[{"has_loop": false, "EBX": "0x1"}, {"has_loop": false, "EBX": "0x3"}, {"has_loop": true, "EBX": "0x5"}]
