[{"has_loop": false, "EBX": "0x1", "satisfiability": true, "constraints": {}}, {"has_loop": false, "EBX": "0x3", "satisfiability": true, "constraints": {}}, {"has_loop": true, "EBX": "0x5", "satisfiability": true, "constraints": {}}]
